Microchip MPLAB XC8 Compiler V2.50

Linker command line:

-W-3 \
  --edf=C:\Program Files\Microchip\xc8\v2.50\pic\dat\20240725155939_en.msgs \
  -cn -h+dist/default/production\ROAR_Tx.X.production.sym \
  --cmf=dist/default/production\ROAR_Tx.X.production.cmf -z -Q18F4550 \
  -oC:\Users\danie\AppData\Local\Temp\xcAshek.\driver_tmp_3.o \
  --defsym=__MPLAB_BUILD=1 --fixupoverflow=error \
  -Mdist/default/production/ROAR_Tx.X.production.map \
  --md=C:\Users\danie\AppData\Local\Temp\xcAshek.\driver_tmp_0.dat -E1 \
  -ver=XC8 Compiler --acfsm=1493 -ACODE=00h-07FFFh -ACONST=00h-07FFFh \
  -ASMALLCONST=0800h-08FFhx120 -AMEDIUMCONST=0800h-07FFFh -ACOMRAM=01h-05Fh \
  -AABS1=00h-07FFh -ABIGRAM=01h-07FFh -ARAM=060h-0FFh,0100h-01FFhx7 \
  -ABANK0=060h-0FFh -ABANK1=0100h-01FFh -ABANK2=0200h-02FFh \
  -ABANK3=0300h-03FFh -ABANK4=0400h-04FFh -ABANK5=0500h-05FFh \
  -ABANK6=0600h-06FFh -ABANK7=0700h-07FFh -ASFR=0F60h-0FFFh \
  -ABIGSFR=0F60h-0FFFh -ACONFIG=0300000h-030000Dh -AIDLOC=0200000h-0200007h \
  -AEEDATA=0F00000h-0F000FFh -peeprom_data=EEDATA \
  -preset_vec=00h,intcode=8h,intcodelo,powerup,init -pramtop=0800h \
  -psmallconst=SMALLCONST -pmediumconst=MEDIUMCONST -pconst=CONST \
  -AFARRAM=00h-00h \
  -prdata=COMRAM,nvrram=COMRAM,nvbit=COMRAM,rbss=COMRAM,rbit=COMRAM \
  -pfarbss=FARRAM,fardata=FARRAM,nvFARRAM=FARRAM \
  -pintsave_regs=BIGRAM,bigbss=BIGRAM,bigdata=BIGRAM -pbss=RAM \
  -pidata=CODE,irdata=CODE,ibigdata=CODE,ifardata=CODE -prparam=COMRAM \
  C:\Users\danie\AppData\Local\Temp\xcAshek.\driver_tmp_14.o \
  dist/default/production\ROAR_Tx.X.production.o 

Object code version is 3.11

Machine type is 18F4550



                Name                               Link     Load   Length Selector   Space Scale
C:\Users\danie\AppData\Local\Temp\xcAshek.\driver_tmp_14.o
                config                           300000   300000        E        0       4
                init                                  E        E        4        4       0
                reset_vec                             0        0        4        0       0
dist/default/production\ROAR_Tx.X.production.o
                intcode                               8        8        6        4       0
                config                           300000   300000        E        0       4
                temp                                 5F       5F        1        1       1
                smallconst                          800      800       1E      400       0
                intcode_body                       1D56     1D56       66      40F       0
                text23                             1F1E     1F1E       22      40F       0
                text22                             1F86     1F86        6      40F       0
                text21                             1B70     1B70       8A      40F       0
                text20                             1F7E     1F7E        8      40F       0
                text19                             1F70     1F70        E      40F       0
                text18                             1F40     1F40       1C      40F       0
                text17                             1C72     1C72       78      40F       0
                text16                             1BFA     1BFA       78      40F       0
                text15                             10FA     10FA      390      40F       0
                text14                              CD4      CD4      426      40F       0
                text13                              81E      81E      4B6      40F       0
                text12                             1E0C     1E0C       46      40F       0
                text11                             19C0     19C0      106      40F       0
                text10                             16B2     16B2      1B4      40F       0
                text9                              1866     1866      15A      40F       0
                text8                              1DBC     1DBC       50      40F       0
                text7                              1F8C     1F8C        2      40F       0
                text6                              1AC6     1AC6       AA      40F       0
                text5                              1CEA     1CEA       6C      40F       0
                text4                              1E52     1E52       3E      40F       0
                text3                              1EC8     1EC8       34      40F       0
                text2                              1F5C     1F5C       14      40F       0
                text1                              1E90     1E90       38      40F       0
                text0                              148A     148A      228      40F       0
                cstackCOMRAM                          1        1       5A        1       1
                cstackBANK0                          C1       C1       1C       60       1
                bssBANK0                             60       60       61       60       1
                bssCOMRAM                            5B       5B        4        1       1
                cinit                              1EFC     1EFC       22      40F       0

TOTAL           Name                               Link     Load   Length     Space
        CLASS   CODE           
                intcode                               8        8        6         0
                init                                  E        E        4         0
                reset_vec                             0        0        4         0
                intcode_body                       1D56     1D56       66         0
                text23                             1F1E     1F1E       22         0
                text22                             1F86     1F86        6         0
                text21                             1B70     1B70       8A         0
                text20                             1F7E     1F7E        8         0
                text19                             1F70     1F70        E         0
                text18                             1F40     1F40       1C         0
                text17                             1C72     1C72       78         0
                text16                             1BFA     1BFA       78         0
                text15                             10FA     10FA      390         0
                text14                              CD4      CD4      426         0
                text13                              81E      81E      4B6         0
                text12                             1E0C     1E0C       46         0
                text11                             19C0     19C0      106         0
                text10                             16B2     16B2      1B4         0
                text9                              1866     1866      15A         0
                text8                              1DBC     1DBC       50         0
                text7                              1F8C     1F8C        2         0
                text6                              1AC6     1AC6       AA         0
                text5                              1CEA     1CEA       6C         0
                text4                              1E52     1E52       3E         0
                text3                              1EC8     1EC8       34         0
                text2                              1F5C     1F5C       14         0
                text1                              1E90     1E90       38         0
                text0                              148A     148A      228         0
                cinit                              1EFC     1EFC       22         0

        CLASS   CONST          

        CLASS   SMALLCONST     
                smallconst                          800      800       1E         0

        CLASS   MEDIUMCONST    

        CLASS   COMRAM         
                temp                                 5F       5F        1         1
                cstackCOMRAM                          1        1       5A         1
                bssCOMRAM                            5B       5B        4         1

        CLASS   ABS1           

        CLASS   BIGRAM         

        CLASS   RAM            

        CLASS   BANK0          
                cstackBANK0                          C1       C1       1C         1
                bssBANK0                             60       60       61         1

        CLASS   BANK1          

        CLASS   BANK2          

        CLASS   BANK3          

        CLASS   BANK4          

        CLASS   BANK5          

        CLASS   BANK6          

        CLASS   BANK7          

        CLASS   SFR            

        CLASS   BIGSFR         

        CLASS   CONFIG         
                config                           300000   300000        E         4

        CLASS   IDLOC          

        CLASS   EEDATA         

        CLASS   FARRAM         

        CLASS   HEAP           

        CLASS   STACK          



SEGMENTS        Name                           Load    Length   Top    Selector   Space  Class

                reset_vec                      000000  000004  000004         0       0  CODE    
                cstackCOMRAM                   000001  00005F  000060         1       1  COMRAM  
                intcode                        000008  00000A  000012         4       0  CODE    
                bssBANK0                       000060  00007D  0000DD        60       1  BANK0   
                smallconst                     000800  00001E  00081E       400       0  SMALLCON
                text13                         00081E  001770  001F8E       40F       0  CODE    


UNUSED ADDRESS RANGES

        Name                Unused          Largest block    Delta
        BANK0            0000DD-0000FF               23
        BANK1            000100-0001FF              100
        BANK2            000200-0002FF              100
        BANK3            000300-0003FF              100
        BANK4            000400-0004FF              100
        BANK5            000500-0005FF              100
        BANK6            000600-0006FF              100
        BANK7            000700-0007FF              100
        BIGRAM           0000DD-0007FF              723
        BIGSFR           000F60-000FFF               A0
        CODE             000004-000007                4
                         000012-0007FF              7EE
                         001F8E-007FFF             6072
        CONST            000004-000007                4
                         000012-0007FF              7EE
                         001F8E-007FFF             6072
        EEDATA           F00000-F000FF              100
        IDLOC            200000-200007                8
        MEDIUMCONST      001F8E-007FFF             6072
        RAM              0000DD-0007FF              100
        SFR              000F60-000FFF               A0
        SMALLCONST       001F8E-007FFF              100

                                  Symbol Table

?___fladd                cstackCOMRAM 000028
?___fldiv                cstackCOMRAM 000040
?___flmul                cstackCOMRAM 00000F
?___flsub                cstackCOMRAM 000038
?___fltol                cstackCOMRAM 000038
?___xxtofl               cstackCOMRAM 000001
?_mapping                cstackBANK0  0000C1
?_read_ADC               cstackCOMRAM 000001
?_sprintf                cstackCOMRAM 000010
?_vfprintf               cstackCOMRAM 00000C
SPI_Init_Master@modo     cstackCOMRAM 000001
SPI_Init_Master@reloj    cstackCOMRAM 000003
SPI_Init_Master@smp      cstackCOMRAM 000002
SPI_Tx@dato              cstackCOMRAM 000001
_ADCON0                  (abs)        000FC2
_ADCON0bits              (abs)        000FC2
_ADCON1                  (abs)        000FC1
_ADCON2                  (abs)        000FC0
_ADRES                   (abs)        000FC3
_DATA_LCD                bssBANK0     0000B1
_INTCON2bits             (abs)        000FF1
_INTCONbits              (abs)        000FF2
_INT_TMR0                intcode      000008
_LATAbits                (abs)        000F89
_LATBbits                (abs)        000F8A
_LATD                    (abs)        000F8C
_PWM_Init                text23       001F1E
_PWM_Init_Ports          text22       001F86
_RCONbits                (abs)        000FD0
_SPI_Init_Master         text21       001B70
_SPI_Tx                  text20       001F7E
_SSPBUF                  (abs)        000FC9
_SSPCON1bits             (abs)        000FC6
_SSPSTATbits             (abs)        000FC7
_T0CON                   (abs)        000FD5
_T0CONbits               (abs)        000FD5
_TMR0                    (abs)        000FD6
_TRISAbits               (abs)        000F92
_TRISBbits               (abs)        000F93
_TRISCbits               (abs)        000F94
_TRISD                   (abs)        000F95
__HRAM                   (abs)        000000
__H__absolute__          __absolute__ 000000
__Habs1                  abs1         000000
__Hbank0                 bank0        000000
__Hbank1                 bank1        000000
__Hbank2                 bank2        000000
__Hbank3                 bank3        000000
__Hbank4                 bank4        000000
__Hbank5                 bank5        000000
__Hbank6                 bank6        000000
__Hbank7                 bank7        000000
__Hbigbss                bigbss       000000
__Hbigdata               bigdata      000000
__Hbigram                bigram       000000
__Hbigsfr                bigsfr       000000
__Hbss                   bss          000000
__HbssBANK0              bssBANK0     000000
__HbssCOMRAM             bssCOMRAM    000000
__Hcinit                 cinit        000000
__Hclrtext               clrtext      000000
__Hcomram                comram       000000
__Hconfig                config       30000E
__Hconst                 const        000000
__HcstackBANK0           cstackBANK0  000000
__HcstackCOMRAM          cstackCOMRAM 000000
__Hdata                  data         000000
__Heeprom_data           eeprom_data  000000
__Hfarbss                farbss       000000
__Hfardata               fardata      000000
__Hheap                  heap         000000
__Hibigdata              ibigdata     000000
__Hidata                 idata        000000
__Hidloc                 idloc        000000
__Hifardata              ifardata     000000
__Hinit                  init         000012
__Hintcode               intcode      00000E
__Hintcode_body          intcode_body 000000
__Hintcodelo             intcodelo    00000E
__Hintentry              intentry     000000
__Hintret                intret       000000
__Hintsave_regs          intsave_regs 000000
__Hirdata                irdata       000000
__Hmediumconst           mediumconst  000000
__HnvFARRAM              nvFARRAM     000000
__Hnvbit                 nvbit        000000
__Hnvrram                nvrram       000000
__Hparam                 rparam       000000
__Hpowerup               powerup      00000E
__Hram                   ram          000000
__Hramtop                ramtop       000800
__Hrbit                  rbit         000000
__Hrbss                  rbss         000000
__Hrdata                 rdata        000000
__Hreset_vec             reset_vec    000004
__Hrparam                rparam       000000
__Hsfr                   sfr          000000
__Hsivt_hi               sivt_hi      000000
__Hsivt_lo               sivt_lo      000000
__Hsmallconst            smallconst   00081E
__Hspace_0               (abs)        001F8E
__Hspace_1               (abs)        0000DD
__Hspace_2               (abs)        000000
__Hspace_4               (abs)        60000E
__Hstack                 stack        000000
__Hstruct                struct       000000
__Htemp                  temp         000060
__Htext                  text         000000
__Htext0                 text0        000000
__Htext1                 text1        000000
__Htext10                text10       000000
__Htext11                text11       000000
__Htext12                text12       000000
__Htext13                text13       000000
__Htext14                text14       000000
__Htext15                text15       000000
__Htext16                text16       000000
__Htext17                text17       000000
__Htext18                text18       000000
__Htext19                text19       000000
__Htext2                 text2        000000
__Htext20                text20       000000
__Htext21                text21       000000
__Htext22                text22       000000
__Htext23                text23       000000
__Htext3                 text3        000000
__Htext4                 text4        000000
__Htext5                 text5        000000
__Htext6                 text6        000000
__Htext7                 text7        000000
__Htext8                 text8        000000
__Htext9                 text9        000000
__LRAM                   (abs)        000001
__L__absolute__          __absolute__ 000000
__Labs1                  abs1         000000
__Lbank0                 bank0        000000
__Lbank1                 bank1        000000
__Lbank2                 bank2        000000
__Lbank3                 bank3        000000
__Lbank4                 bank4        000000
__Lbank5                 bank5        000000
__Lbank6                 bank6        000000
__Lbank7                 bank7        000000
__Lbigbss                bigbss       000000
__Lbigdata               bigdata      000000
__Lbigram                bigram       000000
__Lbigsfr                bigsfr       000000
__Lbss                   bss          000000
__LbssBANK0              bssBANK0     000000
__LbssCOMRAM             bssCOMRAM    000000
__Lcinit                 cinit        000000
__Lclrtext               clrtext      000000
__Lcomram                comram       000000
__Lconfig                config       000000
__Lconst                 const        000000
__LcstackBANK0           cstackBANK0  000000
__LcstackCOMRAM          cstackCOMRAM 000000
__Ldata                  data         000000
__Leeprom_data           eeprom_data  000000
__Lfarbss                farbss       000000
__Lfardata               fardata      000000
__Lheap                  heap         000000
__Libigdata              ibigdata     000000
__Lidata                 idata        000000
__Lidloc                 idloc        000000
__Lifardata              ifardata     000000
__Linit                  init         00000E
__Lintcode               intcode      000008
__Lintcode_body          intcode_body 000000
__Lintcodelo             intcodelo    00000E
__Lintentry              intentry     000000
__Lintret                intret       000000
__Lintsave_regs          intsave_regs 000000
__Lirdata                irdata       000000
__Lmediumconst           mediumconst  000000
__LnvFARRAM              nvFARRAM     000000
__Lnvbit                 nvbit        000000
__Lnvrram                nvrram       000000
__Lparam                 rparam       000000
__Lpowerup               powerup      00000E
__Lram                   ram          000000
__Lramtop                ramtop       000800
__Lrbit                  rbit         000000
__Lrbss                  rbss         000000
__Lrdata                 rdata        000000
__Lreset_vec             reset_vec    000000
__Lrparam                rparam       000000
__Lsfr                   sfr          000000
__Lsivt_hi               sivt_hi      000000
__Lsivt_lo               sivt_lo      000000
__Lsmallconst            smallconst   000800
__Lspace_0               (abs)        000000
__Lspace_1               (abs)        000000
__Lspace_2               (abs)        000000
__Lspace_4               (abs)        000000
__Lstack                 stack        000000
__Lstruct                struct       000000
__Ltemp                  temp         00005F
__Ltext                  text         000000
__Ltext0                 text0        000000
__Ltext1                 text1        000000
__Ltext10                text10       000000
__Ltext11                text11       000000
__Ltext12                text12       000000
__Ltext13                text13       000000
__Ltext14                text14       000000
__Ltext15                text15       000000
__Ltext16                text16       000000
__Ltext17                text17       000000
__Ltext18                text18       000000
__Ltext19                text19       000000
__Ltext2                 text2        000000
__Ltext20                text20       000000
__Ltext21                text21       000000
__Ltext22                text22       000000
__Ltext23                text23       000000
__Ltext3                 text3        000000
__Ltext4                 text4        000000
__Ltext5                 text5        000000
__Ltext6                 text6        000000
__Ltext7                 text7        000000
__Ltext8                 text8        000000
__Ltext9                 text9        000000
__S0                     (abs)        001F8E
__S1                     (abs)        0000DD
__S4                     (abs)        000000
__S5                     (abs)        000000
___fladd                 text13       00081E
___fladd@a               cstackCOMRAM 00002C
___fladd@aexp            cstackCOMRAM 000035
___fladd@b               cstackCOMRAM 000028
___fladd@bexp            cstackCOMRAM 000036
___fladd@grs             cstackCOMRAM 000037
___fladd@signs           cstackCOMRAM 000034
___fldiv                 text15       0010FA
___fldiv@a               cstackCOMRAM 000044
___fldiv@aexp            cstackCOMRAM 000058
___fldiv@b               cstackCOMRAM 000040
___fldiv@bexp            cstackCOMRAM 000057
___fldiv@grs             cstackCOMRAM 000053
___fldiv@new_exp         cstackCOMRAM 000051
___fldiv@rem             cstackCOMRAM 00004C
___fldiv@sign            cstackCOMRAM 000050
___flmul                 text14       000CD4
___flmul@a               cstackCOMRAM 000013
___flmul@aexp            cstackCOMRAM 000020
___flmul@b               cstackCOMRAM 00000F
___flmul@bexp            cstackCOMRAM 000021
___flmul@grs             cstackCOMRAM 00001C
___flmul@prod            cstackCOMRAM 000022
___flmul@sign            cstackCOMRAM 00001B
___flmul@temp            cstackCOMRAM 000026
___flsub                 text12       001E0C
___flsub@a               cstackCOMRAM 00003C
___flsub@b               cstackCOMRAM 000038
___fltol                 text11       0019C0
___fltol@exp1            cstackCOMRAM 000041
___fltol@f1              cstackCOMRAM 000038
___fltol@sign1           cstackCOMRAM 000040
___heap_hi               (abs)        000000
___heap_lo               (abs)        000000
___inthi_sp              stack        000000
___inthi_stack_hi        stack        000000
___inthi_stack_lo        stack        000000
___intlo_sp              stack        000000
___intlo_stack_hi        stack        000000
___intlo_stack_lo        stack        000000
___param_bank            (abs)        000000
___rparam_used           (abs)        000001
___sp                    stack        000000
___stack_hi              stack        000000
___stack_lo              stack        000000
___xxtofl                text10       0016B2
___xxtofl@arg            cstackCOMRAM 00000B
___xxtofl@exp            cstackCOMRAM 00000A
___xxtofl@sign           cstackCOMRAM 000009
___xxtofl@val            cstackCOMRAM 000001
__accesstop              (abs)        000060
__activetblptr           (abs)        000002
__end_of_INT_TMR0        intcode_body 001DBC
__end_of_PWM_Init        text23       001F40
__end_of_PWM_Init_Ports  text22       001F8C
__end_of_SPI_Init_Master text21       001BFA
__end_of_SPI_Tx          text20       001F86
__end_of___fladd         text13       000CD4
__end_of___fldiv         text15       00148A
__end_of___flmul         text14       0010FA
__end_of___flsub         text12       001E52
__end_of___fltol         text11       001AC6
__end_of___xxtofl        text10       001866
__end_of__initialization cinit        001F10
__end_of_clear_LCD       text18       001F5C
__end_of_fputc           text6        001B70
__end_of_init_ADC        text19       001F7E
__end_of_init_LCD        text16       001C72
__end_of_main            text0        0016B2
__end_of_mapping         text9        0019C0
__end_of_putch           text7        001F8E
__end_of_read_ADC        text8        001E0C
__end_of_set_Cursor_LCD  text17       001CEA
__end_of_sprintf         text3        001EFC
__end_of_vfpfcnvrt       text5        001D56
__end_of_vfprintf        text4        001E90
__end_of_writeChar_LCD   text2        001F70
__end_of_writeString_LCD text1        001EC8
__initialization         cinit        001EFC
__mediumconst            mediumconst  000000
__pbssBANK0              bssBANK0     000060
__pbssCOMRAM             bssCOMRAM    00005B
__pcinit                 cinit        001EFC
__pcstackBANK0           cstackBANK0  0000C1
__pcstackCOMRAM          cstackCOMRAM 000001
__pintcode               intcode      000008
__pintcode_body          intcode_body 001D56
__psmallconst            smallconst   000800
__ptext0                 text0        00148A
__ptext1                 text1        001E90
__ptext10                text10       0016B2
__ptext11                text11       0019C0
__ptext12                text12       001E0C
__ptext13                text13       00081E
__ptext14                text14       000CD4
__ptext15                text15       0010FA
__ptext16                text16       001BFA
__ptext17                text17       001C72
__ptext18                text18       001F40
__ptext19                text19       001F70
__ptext2                 text2        001F5C
__ptext20                text20       001F7E
__ptext21                text21       001B70
__ptext22                text22       001F86
__ptext23                text23       001F1E
__ptext3                 text3        001EC8
__ptext4                 text4        001E52
__ptext5                 text5        001CEA
__ptext6                 text6        001AC6
__ptext7                 text7        001F8C
__ptext8                 text8        001DBC
__ptext9                 text9        001866
__ramtop                 ramtop       000800
__smallconst             smallconst   000800
_clear_LCD               text18       001F40
_contador                bssCOMRAM    00005B
_control_data            bssBANK0     000094
_data                    bssBANK0     0000AE
_dof1                    bssBANK0     0000AC
_dof2                    bssBANK0     0000A8
_flags                   bssBANK0     0000B0
_fputc                   text6        001AC6
_init_ADC                text19       001F70
_init_LCD                text16       001BFA
_main                    text0        00148A
_mapping                 text9        001866
_prec                    bssBANK0     0000A4
_putch                   text7        001F8C
_pwm_value               bssBANK0     000080
_read_ADC                text8        001DBC
_set_Cursor_LCD          text17       001C72
_sprintf                 text3        001EC8
_vfpfcnvrt               text5        001CEA
_vfprintf                text4        001E52
_width                   bssBANK0     0000A2
_writeChar_LCD           text2        001F5C
_writeString_LCD         text1        001E90
_x                       bssBANK0     0000AA
_y                       bssBANK0     0000A6
_z                       bssCOMRAM    00005D
btemp                    temp         00005F
end_of_initialization    cinit        001F10
fputc@c                  cstackCOMRAM 000001
fputc@fp                 cstackCOMRAM 000003
init_ADC@Puertos_ADC     cstackCOMRAM 000001
int$flags                temp         00005F
int_func                 intcode_body 001D56
intlevel0                text         000000
intlevel1                text         000000
intlevel2                text         000000
intlevel3                text         000000
isa$std                  (abs)        000001
isa$xinst                (abs)        000000
mapping@b                cstackBANK0  0000D3
mapping@m                cstackBANK0  0000D9
mapping@max_in           cstackBANK0  0000C5
mapping@max_out          cstackBANK0  0000CD
mapping@min_in           cstackBANK0  0000C1
mapping@min_out          cstackBANK0  0000C9
mapping@read             cstackBANK0  0000D1
mapping@y                cstackBANK0  0000D7
read_ADC@canal           cstackCOMRAM 000004
set_Cursor_LCD@x         cstackCOMRAM 000003
set_Cursor_LCD@y         cstackCOMRAM 000001
sprintf@ap               cstackCOMRAM 000012
sprintf@f                cstackCOMRAM 000013
sprintf@fmt              cstackCOMRAM 000011
sprintf@s                cstackCOMRAM 000010
stackhi                  (abs)        000000
stacklo                  (abs)        000000
start                    init         00000E
start_initialization     cinit        001EFC
ttemp5                   temp         000060
ttemp6                   temp         000063
ttemp7                   temp         000067
vfpfcnvrt@ap             cstackCOMRAM 00000B
vfpfcnvrt@fmt            cstackCOMRAM 00000A
vfpfcnvrt@fp             cstackCOMRAM 000009
vfprintf@ap              cstackCOMRAM 00000E
vfprintf@cfmt            cstackCOMRAM 00000F
vfprintf@fmt             cstackCOMRAM 00000D
vfprintf@fp              cstackCOMRAM 00000C
writeChar_LCD@dato_LCD   cstackCOMRAM 000001
writeString_LCD@dato_LCD cstackCOMRAM 000002
writeString_LCD@i        cstackCOMRAM 000003
wtemp8                   temp         000060


MODULE INFORMATION

Module		Function		Class		Link	Load	Size
tx_main.c
		_main          		CODE           	148A	0000	552
		_mapping       		CODE           	1866	0000	346

tx_main.c estimated size: 898

C:\Program Files\Microchip\xc8\v2.50\pic\sources\c99\common\sprcmul.c
		___flmul       		CODE           	0CD4	0000	1062

C:\Program Files\Microchip\xc8\v2.50\pic\sources\c99\common\sprcmul.c estimated size: 1062

adc_lib.c
		_init_ADC      		CODE           	1F70	0000	14
		_read_ADC      		CODE           	1DBC	0000	80

adc_lib.c estimated size: 94

C:\Program Files\Microchip\xc8\v2.50\pic\sources\c99\common\sprcdiv.c
		___fldiv       		CODE           	10FA	0000	912

C:\Program Files\Microchip\xc8\v2.50\pic\sources\c99\common\sprcdiv.c estimated size: 912

C:\Program Files\Microchip\xc8\v2.50\pic\sources\c99\common\putch.c
		_putch         		CODE           	1F8C	0000	2

C:\Program Files\Microchip\xc8\v2.50\pic\sources\c99\common\putch.c estimated size: 2

lcd_lib.c
		_set_Cursor_LCD		CODE           	1C72	0000	120
		_writeChar_LCD 		CODE           	1F5C	0000	20
		_writeString_LCD		CODE           	1E90	0000	56
		_init_LCD      		CODE           	1BFA	0000	120
		_clear_LCD     		CODE           	1F40	0000	28

lcd_lib.c estimated size: 344

C:\Program Files\Microchip\xc8\v2.50\pic\sources\c99\common\xxtofl.c
		___xxtofl      		CODE           	16B2	0000	436

C:\Program Files\Microchip\xc8\v2.50\pic\sources\c99\common\xxtofl.c estimated size: 436

C:\Program Files\Microchip\xc8\v2.50\pic\sources\c99\common\sprcadd.c
		___flsub       		CODE           	1E0C	0000	70
		___fladd       		CODE           	081E	0000	1206

C:\Program Files\Microchip\xc8\v2.50\pic\sources\c99\common\sprcadd.c estimated size: 1276

C:\Program Files\Microchip\xc8\v2.50\pic\sources\c99\common\nf_sprintf.c
		_sprintf       		CODE           	1EC8	0000	52

C:\Program Files\Microchip\xc8\v2.50\pic\sources\c99\common\nf_sprintf.c estimated size: 52

C:\Program Files\Microchip\xc8\v2.50\pic\sources\c99\common\nf_fputc.c
		_fputc         		CODE           	1AC6	0000	170

C:\Program Files\Microchip\xc8\v2.50\pic\sources\c99\common\nf_fputc.c estimated size: 170

shared
		__initialization		CODE           	1EFC	0000	20

shared estimated size: 20

C:\Program Files\Microchip\xc8\v2.50\pic\sources\c99\common\fltol.c
		___fltol       		CODE           	19C0	0000	262

C:\Program Files\Microchip\xc8\v2.50\pic\sources\c99\common\fltol.c estimated size: 262

C:\Program Files\Microchip\xc8\v2.50\pic\sources\c99\common\doprnt.c
		_vfpfcnvrt     		CODE           	1CEA	0000	108
		_vfprintf      		CODE           	1E52	0000	62

C:\Program Files\Microchip\xc8\v2.50\pic\sources\c99\common\doprnt.c estimated size: 170

pwm_soft.c
		_PWM_Init_Ports		CODE           	1F86	0000	6
		_INT_TMR0      		CODE           	0008	0000	108
		_PWM_Init      		CODE           	1F1E	0000	34

pwm_soft.c estimated size: 148

SPI.c
		_SPI_Init_Master		CODE           	1B70	0000	138
		_SPI_Tx        		CODE           	1F7E	0000	8

SPI.c estimated size: 146

