Microchip MPLAB XC8 Compiler V2.50

Linker command line:

-W-3 \
  --edf=C:\Program Files\Microchip\xc8\v2.50\pic\dat\20240725155939_en.msgs \
  -cn -h+dist/default/production\ROAR_Tx.X.production.sym \
  --cmf=dist/default/production\ROAR_Tx.X.production.cmf -z -Q18F4550 \
  -oC:\Users\danie\AppData\Local\Temp\xcAsemo.\driver_tmp_3.o \
  --defsym=__MPLAB_BUILD=1 --fixupoverflow=error \
  -Mdist/default/production/ROAR_Tx.X.production.map \
  --md=C:\Users\danie\AppData\Local\Temp\xcAsemo.\driver_tmp_0.dat -E1 \
  -ver=XC8 Compiler --acfsm=1493 -ACODE=00h-07FFFh -ACONST=00h-07FFFh \
  -ASMALLCONST=0800h-08FFhx120 -AMEDIUMCONST=0800h-07FFFh -ACOMRAM=01h-05Fh \
  -AABS1=00h-07FFh -ABIGRAM=01h-07FFh -ARAM=060h-0FFh,0100h-01FFhx7 \
  -ABANK0=060h-0FFh -ABANK1=0100h-01FFh -ABANK2=0200h-02FFh \
  -ABANK3=0300h-03FFh -ABANK4=0400h-04FFh -ABANK5=0500h-05FFh \
  -ABANK6=0600h-06FFh -ABANK7=0700h-07FFh -ASFR=0F60h-0FFFh \
  -ABIGSFR=0F60h-0FFFh -ACONFIG=0300000h-030000Dh -AIDLOC=0200000h-0200007h \
  -AEEDATA=0F00000h-0F000FFh -peeprom_data=EEDATA \
  -preset_vec=00h,intcode,sivt_hi,intcodelo,sivt_lo,powerup,init \
  -pramtop=0800h -psmallconst=SMALLCONST -pmediumconst=MEDIUMCONST \
  -pconst=CONST -AFARRAM=00h-00h \
  -prdata=COMRAM,nvrram=COMRAM,nvbit=COMRAM,rbss=COMRAM,rbit=COMRAM \
  -pfarbss=FARRAM,fardata=FARRAM,nvFARRAM=FARRAM \
  -pintsave_regs=BIGRAM,bigbss=BIGRAM,bigdata=BIGRAM -pbss=RAM \
  -pidata=CODE,irdata=CODE,ibigdata=CODE,ifardata=CODE -prparam=COMRAM \
  C:\Users\danie\AppData\Local\Temp\xcAsemo.\driver_tmp_14.o \
  dist/default/production\ROAR_Tx.X.production.o 

Object code version is 3.11

Machine type is 18F4550



                Name                               Link     Load   Length Selector   Space Scale
C:\Users\danie\AppData\Local\Temp\xcAsemo.\driver_tmp_14.o
                config                           300000   300000        E        0       4
                init                                  0        0        4        0       0
dist/default/production\ROAR_Tx.X.production.o
                config                           300000   300000        E        0       4
                smallconst                          800      800       1E      400       0
                text12                              97A      97A       8A      40F       0
                text11                              C4E      C4E        8      40F       0
                text10                              C08      C08       1C      40F       0
                text9                               A7C      A7C       78      40F       0
                text8                               A04      A04       78      40F       0
                text7                               C56      C56        2      40F       0
                text6                               8D0      8D0       AA      40F       0
                text5                               AF4      AF4       6A      40F       0
                text4                               B5E      B5E       3E      40F       0
                text3                               BD4      BD4       34      40F       0
                text2                               C3A      C3A       14      40F       0
                text1                               B9C      B9C       38      40F       0
                text0                               81E      81E       B2      40F       0
                cstackCOMRAM                         38       38       1F        1       1
                bssCOMRAM                             1        1       37        1       1
                cinit                               C24      C24       16      40F       0

TOTAL           Name                               Link     Load   Length     Space
        CLASS   CODE           
                init                                  0        0        4         0
                text12                              97A      97A       8A         0
                text11                              C4E      C4E        8         0
                text10                              C08      C08       1C         0
                text9                               A7C      A7C       78         0
                text8                               A04      A04       78         0
                text7                               C56      C56        2         0
                text6                               8D0      8D0       AA         0
                text5                               AF4      AF4       6A         0
                text4                               B5E      B5E       3E         0
                text3                               BD4      BD4       34         0
                text2                               C3A      C3A       14         0
                text1                               B9C      B9C       38         0
                text0                               81E      81E       B2         0
                cinit                               C24      C24       16         0

        CLASS   CONST          

        CLASS   SMALLCONST     
                smallconst                          800      800       1E         0

        CLASS   MEDIUMCONST    

        CLASS   COMRAM         
                cstackCOMRAM                         38       38       1F         1
                bssCOMRAM                             1        1       37         1

        CLASS   ABS1           

        CLASS   BIGRAM         

        CLASS   RAM            

        CLASS   BANK0          

        CLASS   BANK1          

        CLASS   BANK2          

        CLASS   BANK3          

        CLASS   BANK4          

        CLASS   BANK5          

        CLASS   BANK6          

        CLASS   BANK7          

        CLASS   SFR            

        CLASS   BIGSFR         

        CLASS   CONFIG         
                config                           300000   300000        E         4

        CLASS   IDLOC          

        CLASS   EEDATA         

        CLASS   FARRAM         

        CLASS   HEAP           

        CLASS   STACK          



SEGMENTS        Name                           Load    Length   Top    Selector   Space  Class

                reset_vec                      000000  000004  000004         0       0  CODE    
                bssCOMRAM                      000001  000056  000057         1       1  COMRAM  
                smallconst                     000800  00001E  00081E       400       0  SMALLCON
                text0                          00081E  00043A  000C58       40F       0  CODE    


UNUSED ADDRESS RANGES

        Name                Unused          Largest block    Delta
        BANK0            000060-0000FF               A0
        BANK1            000100-0001FF              100
        BANK2            000200-0002FF              100
        BANK3            000300-0003FF              100
        BANK4            000400-0004FF              100
        BANK5            000500-0005FF              100
        BANK6            000600-0006FF              100
        BANK7            000700-0007FF              100
        BIGRAM           000057-0007FF              7A9
        BIGSFR           000F60-000FFF               A0
        CODE             000004-0007FF              7FC
                         000C58-007FFF             73A8
        COMRAM           000057-00005F                9
        CONST            000004-0007FF              7FC
                         000C58-007FFF             73A8
        EEDATA           F00000-F000FF              100
        IDLOC            200000-200007                8
        MEDIUMCONST      000C58-007FFF             73A8
        RAM              000060-0007FF              100
        SFR              000F60-000FFF               A0
        SMALLCONST       000C58-007FFF              100

                                  Symbol Table

?_sprintf                cstackCOMRAM 000047
?_vfprintf               cstackCOMRAM 000043
SPI_Init_Master@modo     cstackCOMRAM 000038
SPI_Init_Master@reloj    cstackCOMRAM 00003A
SPI_Init_Master@smp      cstackCOMRAM 000039
SPI_Tx@dato              cstackCOMRAM 000038
_ADCON1                  (abs)        000FC1
_DATA_LCD                bssCOMRAM    000028
_LATAbits                (abs)        000F89
_LATBbits                (abs)        000F8A
_LATD                    (abs)        000F8C
_SPI_Init_Master         text12       00097A
_SPI_Tx                  text11       000C4E
_SSPBUF                  (abs)        000FC9
_SSPCON1bits             (abs)        000FC6
_SSPSTATbits             (abs)        000FC7
_TRISAbits               (abs)        000F92
_TRISBbits               (abs)        000F93
_TRISCbits               (abs)        000F94
_TRISD                   (abs)        000F95
__HRAM                   (abs)        000000
__H__absolute__          __absolute__ 000000
__Habs1                  abs1         000000
__Hbank0                 bank0        000000
__Hbank1                 bank1        000000
__Hbank2                 bank2        000000
__Hbank3                 bank3        000000
__Hbank4                 bank4        000000
__Hbank5                 bank5        000000
__Hbank6                 bank6        000000
__Hbank7                 bank7        000000
__Hbigbss                bigbss       000000
__Hbigdata               bigdata      000000
__Hbigram                bigram       000000
__Hbigsfr                bigsfr       000000
__Hbss                   bss          000000
__HbssCOMRAM             bssCOMRAM    000000
__Hcinit                 cinit        000000
__Hclrtext               clrtext      000000
__Hcomram                comram       000000
__Hconfig                config       30000E
__Hconst                 const        000000
__HcstackCOMRAM          cstackCOMRAM 000000
__Hdata                  data         000000
__Heeprom_data           eeprom_data  000000
__Hfarbss                farbss       000000
__Hfardata               fardata      000000
__Hheap                  heap         000000
__Hibigdata              ibigdata     000000
__Hidata                 idata        000000
__Hidloc                 idloc        000000
__Hifardata              ifardata     000000
__Hinit                  init         000004
__Hintcode               intcode      000000
__Hintcode_body          intcode_body 000000
__Hintcodelo             intcodelo    000000
__Hintentry              intentry     000000
__Hintret                intret       000000
__Hintsave_regs          intsave_regs 000000
__Hirdata                irdata       000000
__Hmediumconst           mediumconst  000000
__HnvFARRAM              nvFARRAM     000000
__Hnvbit                 nvbit        000000
__Hnvrram                nvrram       000000
__Hparam                 rparam       000000
__Hpowerup               powerup      000000
__Hram                   ram          000000
__Hramtop                ramtop       000800
__Hrbit                  rbit         000000
__Hrbss                  rbss         000000
__Hrdata                 rdata        000000
__Hreset_vec             reset_vec    000000
__Hrparam                rparam       000000
__Hsfr                   sfr          000000
__Hsivt_hi               sivt_hi      000000
__Hsivt_lo               sivt_lo      000000
__Hsmallconst            smallconst   00081E
__Hspace_0               (abs)        000C58
__Hspace_1               (abs)        000057
__Hspace_2               (abs)        000000
__Hspace_4               (abs)        60000E
__Hstack                 stack        000000
__Hstruct                struct       000000
__Htemp                  temp         000000
__Htext                  text         000000
__Htext0                 text0        000000
__Htext1                 text1        000000
__Htext10                text10       000000
__Htext11                text11       000000
__Htext12                text12       000000
__Htext2                 text2        000000
__Htext3                 text3        000000
__Htext4                 text4        000000
__Htext5                 text5        000000
__Htext6                 text6        000000
__Htext7                 text7        000000
__Htext8                 text8        000000
__Htext9                 text9        000000
__LRAM                   (abs)        000001
__L__absolute__          __absolute__ 000000
__Labs1                  abs1         000000
__Lbank0                 bank0        000000
__Lbank1                 bank1        000000
__Lbank2                 bank2        000000
__Lbank3                 bank3        000000
__Lbank4                 bank4        000000
__Lbank5                 bank5        000000
__Lbank6                 bank6        000000
__Lbank7                 bank7        000000
__Lbigbss                bigbss       000000
__Lbigdata               bigdata      000000
__Lbigram                bigram       000000
__Lbigsfr                bigsfr       000000
__Lbss                   bss          000000
__LbssCOMRAM             bssCOMRAM    000000
__Lcinit                 cinit        000000
__Lclrtext               clrtext      000000
__Lcomram                comram       000000
__Lconfig                config       000000
__Lconst                 const        000000
__LcstackCOMRAM          cstackCOMRAM 000000
__Ldata                  data         000000
__Leeprom_data           eeprom_data  000000
__Lfarbss                farbss       000000
__Lfardata               fardata      000000
__Lheap                  heap         000000
__Libigdata              ibigdata     000000
__Lidata                 idata        000000
__Lidloc                 idloc        000000
__Lifardata              ifardata     000000
__Linit                  init         000000
__Lintcode               intcode      000000
__Lintcode_body          intcode_body 000000
__Lintcodelo             intcodelo    000000
__Lintentry              intentry     000000
__Lintret                intret       000000
__Lintsave_regs          intsave_regs 000000
__Lirdata                irdata       000000
__Lmediumconst           mediumconst  000000
__LnvFARRAM              nvFARRAM     000000
__Lnvbit                 nvbit        000000
__Lnvrram                nvrram       000000
__Lparam                 rparam       000000
__Lpowerup               powerup      000000
__Lram                   ram          000000
__Lramtop                ramtop       000800
__Lrbit                  rbit         000000
__Lrbss                  rbss         000000
__Lrdata                 rdata        000000
__Lreset_vec             reset_vec    000000
__Lrparam                rparam       000000
__Lsfr                   sfr          000000
__Lsivt_hi               sivt_hi      000000
__Lsivt_lo               sivt_lo      000000
__Lsmallconst            smallconst   000800
__Lspace_0               (abs)        000000
__Lspace_1               (abs)        000000
__Lspace_2               (abs)        000000
__Lspace_4               (abs)        000000
__Lstack                 stack        000000
__Lstruct                struct       000000
__Ltemp                  temp         000000
__Ltext                  text         000000
__Ltext0                 text0        000000
__Ltext1                 text1        000000
__Ltext10                text10       000000
__Ltext11                text11       000000
__Ltext12                text12       000000
__Ltext2                 text2        000000
__Ltext3                 text3        000000
__Ltext4                 text4        000000
__Ltext5                 text5        000000
__Ltext6                 text6        000000
__Ltext7                 text7        000000
__Ltext8                 text8        000000
__Ltext9                 text9        000000
__S0                     (abs)        000C58
__S1                     (abs)        000057
__S4                     (abs)        000000
__S5                     (abs)        000000
___heap_hi               (abs)        000000
___heap_lo               (abs)        000000
___inthi_sp              stack        000000
___inthi_stack_hi        stack        000000
___inthi_stack_lo        stack        000000
___intlo_sp              stack        000000
___intlo_stack_hi        stack        000000
___intlo_stack_lo        stack        000000
___param_bank            (abs)        000000
___rparam_used           (abs)        000001
___sp                    stack        000000
___stack_hi              stack        000000
___stack_lo              stack        000000
__accesstop              (abs)        000060
__activetblptr           (abs)        000002
__end_of_SPI_Init_Master text12       000A04
__end_of_SPI_Tx          text11       000C56
__end_of__initialization cinit        000C30
__end_of_clear_LCD       text10       000C24
__end_of_fputc           text6        00097A
__end_of_init_LCD        text8        000A7C
__end_of_main            text0        0008D0
__end_of_putch           text7        000C58
__end_of_set_Cursor_LCD  text9        000AF4
__end_of_sprintf         text3        000C08
__end_of_vfpfcnvrt       text5        000B5E
__end_of_vfprintf        text4        000B9C
__end_of_writeChar_LCD   text2        000C4E
__end_of_writeString_LCD text1        000BD4
__initialization         cinit        000C24
__mediumconst            mediumconst  000000
__pbssCOMRAM             bssCOMRAM    000001
__pcinit                 cinit        000C24
__pcstackCOMRAM          cstackCOMRAM 000038
__psmallconst            smallconst   000800
__ptext0                 text0        00081E
__ptext1                 text1        000B9C
__ptext10                text10       000C08
__ptext11                text11       000C4E
__ptext12                text12       00097A
__ptext2                 text2        000C3A
__ptext3                 text3        000BD4
__ptext4                 text4        000B5E
__ptext5                 text5        000AF4
__ptext6                 text6        0008D0
__ptext7                 text7        000C56
__ptext8                 text8        000A04
__ptext9                 text9        000A7C
__ramtop                 ramtop       000800
__smallconst             smallconst   000800
_clear_LCD               text10       000C08
_data                    bssCOMRAM    000025
_flags                   bssCOMRAM    000027
_fputc                   text6        0008D0
_init_LCD                text8        000A04
_main                    text0        00081E
_prec                    bssCOMRAM    000023
_putch                   text7        000C56
_set_Cursor_LCD          text9        000A7C
_sprintf                 text3        000BD4
_vfpfcnvrt               text5        000AF4
_vfprintf                text4        000B5E
_width                   bssCOMRAM    000021
_writeChar_LCD           text2        000C3A
_writeString_LCD         text1        000B9C
end_of_initialization    cinit        000C30
fputc@c                  cstackCOMRAM 000038
fputc@fp                 cstackCOMRAM 00003A
intlevel0                text         000000
intlevel1                text         000000
intlevel2                text         000000
intlevel3                text         000000
isa$std                  (abs)        000001
isa$xinst                (abs)        000000
set_Cursor_LCD@x         cstackCOMRAM 00003A
set_Cursor_LCD@y         cstackCOMRAM 000038
sprintf@ap               cstackCOMRAM 000049
sprintf@f                cstackCOMRAM 00004A
sprintf@fmt              cstackCOMRAM 000048
sprintf@s                cstackCOMRAM 000047
stackhi                  (abs)        000000
stacklo                  (abs)        000000
start                    init         000000
start_initialization     cinit        000C24
vfpfcnvrt@ap             cstackCOMRAM 000042
vfpfcnvrt@fmt            cstackCOMRAM 000041
vfpfcnvrt@fp             cstackCOMRAM 000040
vfprintf@ap              cstackCOMRAM 000045
vfprintf@cfmt            cstackCOMRAM 000046
vfprintf@fmt             cstackCOMRAM 000044
vfprintf@fp              cstackCOMRAM 000043
writeChar_LCD@dato_LCD   cstackCOMRAM 000038
writeString_LCD@dato_LCD cstackCOMRAM 000039
writeString_LCD@i        cstackCOMRAM 00003A


MODULE INFORMATION

Module		Function		Class		Link	Load	Size
tx_main.c
		_main          		CODE           	081E	0000	178

tx_main.c estimated size: 178

C:\Program Files\Microchip\xc8\v2.50\pic\sources\c99\common\putch.c
		_putch         		CODE           	0C56	0000	2

C:\Program Files\Microchip\xc8\v2.50\pic\sources\c99\common\putch.c estimated size: 2

lcd_lib.c
		_set_Cursor_LCD		CODE           	0A7C	0000	120
		_writeChar_LCD 		CODE           	0C3A	0000	20
		_writeString_LCD		CODE           	0B9C	0000	56
		_init_LCD      		CODE           	0A04	0000	120
		_clear_LCD     		CODE           	0C08	0000	28

lcd_lib.c estimated size: 344

C:\Program Files\Microchip\xc8\v2.50\pic\sources\c99\common\nf_sprintf.c
		_sprintf       		CODE           	0BD4	0000	52

C:\Program Files\Microchip\xc8\v2.50\pic\sources\c99\common\nf_sprintf.c estimated size: 52

C:\Program Files\Microchip\xc8\v2.50\pic\sources\c99\common\nf_fputc.c
		_fputc         		CODE           	08D0	0000	170

C:\Program Files\Microchip\xc8\v2.50\pic\sources\c99\common\nf_fputc.c estimated size: 170

shared
		__initialization		CODE           	0C24	0000	12

shared estimated size: 12

C:\Program Files\Microchip\xc8\v2.50\pic\sources\c99\common\doprnt.c
		_vfpfcnvrt     		CODE           	0AF4	0000	106
		_vfprintf      		CODE           	0B5E	0000	62

C:\Program Files\Microchip\xc8\v2.50\pic\sources\c99\common\doprnt.c estimated size: 168

SPI.c
		_SPI_Init_Master		CODE           	097A	0000	138
		_SPI_Tx        		CODE           	0C4E	0000	8

SPI.c estimated size: 146

